LABEL: pp1:
DATATYPE: integer
IDENTIFIER: count
OPERATOR: =
NUMBER: 0
SEPARATOR: ;
LABEL: pp2:
DATATYPE: string
IDENTIFIER: msg
OPERATOR: =
STRING: "hello\n"
SEPARATOR: ;
LABEL: pp3:
KEYWORD: do
SCOPE_OPEN: [
IDENTIFIER: x
OPERATOR: =
IDENTIFIER: x
OPERATOR: +
NUMBER: 1
SEPARATOR: ;
SCOPE_CLOSE: ]

