LABEL: pp1:
KEYWORD: in case that
IDENTIFIER: x
RELOP: gteq
NUMBER: 10
LOGICAL: and
IDENTIFIER: y
RELOP: lt
NUMBER: 5
SCOPE_OPEN: [
IDENTIFIER: result
OPERATOR: =
IDENTIFIER: x
OPERATOR: %%
IDENTIFIER: y
SEPARATOR: ;
SCOPE_CLOSE: ]
LABEL: pp2:
KEYWORD: otherwise
KEYWORD: jump to
LABEL: pp1:
SEPARATOR: ;

